main.c:62:6:clearLed	8	static
main.c:67:6:enablePin	16	static
main.c:68:6:Q1	8	static
main.c:86:6:Q2	8	static
main.c:104:6:Q3	16	static
main.c:131:6:Q4	8	static
main.c:148:6:Q5	8	static
main.c:166:6:setTimer0	16	static
main.c:170:6:timer_run	4	static
main.c:177:6:Q6	8	static
main.c:183:6:Q7a	8	static
main.c:208:6:Q7b	8	static
main.c:217:6:display7SEG	16	static
main.c:310:6:updateClockBuffer	4	static
main.c:333:5:main	8	static
main.c:376:6:SystemClock_Config	72	static
main.c:412:13:MX_TIM2_Init	32	static
main.c:457:13:MX_GPIO_Init	32	static
main.c:497:6:update7SEG	16	static
main.c:500:6:HAL_TIM_PeriodElapsedCallback	16	static
main.c:507:6:Error_Handler	4	static,ignoring_inline_asm
